// Jest Snapshot v1, https://goo.gl/fbAQLP

exports[`Reducers. Snapshots. should match 1`] = `
Object {
  "Mood": [Function],
}
`;
