// Jest Snapshot v1, https://goo.gl/fbAQLP

exports[`Modules > Mood > Name should match the snapshot 1`] = `
Object {
  "NAME": "Mood",
}
`;
