// Jest Snapshot v1, https://goo.gl/fbAQLP

exports[`Modules > Mood > Reducer Snapshot should match the initial state 1`] = `
Object {
  "comment": null,
  "feelings": Array [],
  "mood": 4,
}
`;
