// Jest Snapshot v1, https://goo.gl/fbAQLP

exports[`Grid > Row. Snapshots. should match 1`] = `
<View
  flexDirection="row"
/>
`;
