// Jest Snapshot v1, https://goo.gl/fbAQLP

exports[`Utils > Mood Snapshots. should match the maxRange snapshot 1`] = `7`;

exports[`Utils > Mood Snapshots. should match the minRange snapshot 1`] = `1`;
