// Jest Snapshot v1, https://goo.gl/fbAQLP

exports[`Grid > Column. Snapshots. should match 1`] = `
<View
  flexDirection="column"
/>
`;
