// Jest Snapshot v1, https://goo.gl/fbAQLP

exports[`Button > Card. Snapshots. should match 1`] = `
<View
  style={
    Object {
      "alignItems": "center",
      "backgroundColor": "#F26AA3",
      "borderRadius": 20,
      "elevation": 5,
      "flex": 1,
      "justifyContent": "center",
      "margin": 20,
      "shadowColor": "#000000",
      "shadowOffset": Object {
        "height": 2,
        "width": 0,
      },
      "shadowOpacity": 0.5,
      "shadowRadius": 5,
    }
  }
>
  <Touchable
    borderRadius={20}
    onPress={[MockFunction]}
    rippleColor="white"
  >
    <View
      style={
        Object {
          "flex": 1,
          "justifyContent": "center",
          "padding": 80,
        }
      }
    >
      <Text
        style={
          Object {
            "color": "#FFFFFF",
            "fontSize": 30,
            "fontWeight": "400",
            "textAlign": "center",
          }
        }
      >
        Test Button
      </Text>
    </View>
  </Touchable>
</View>
`;
